shield model: /app/artifacts/cfb_wp_regulation.json
LEAGUE=cfb POOLED: backfill 9,408 plays / 55 games  +  live-only 3,356 plays / 19 games  (live overlapping backfill dropped: 19 games)
E6 DEAD WINDOW: instants 68,558  qualified (no play 45s, no score 120s) 48,124  with a book 18,403
plays joinable 12,764   winner snapshots 138,828
quotable plays 18,403   markets 55   games 55
book-depth rows 671   tape rows 4,294
skipped 0 incomplete state; 0 quotes had NO LINE (arm A only -- B/C cannot decide without a model view)
queue modelled from recorded depth on 691 quotes; 17,712 used the OPTIMISTIC no-queue assumption (full priority).

=== ARMS -- E6 DEAD-WINDOW STRATUM, one pre-registered, no search ===
  arm               posted  pulled  fills  fill%  net c/fill  adverse%
  A_naive            36806       0   4030  10.9%      +0.58c     26.3%
                  GAME-CLUSTERED [-1.10, +2.25]c   G=33  G_eff=7.1
                  MARKOUT +2min   -0.07c  [-0.34, +0.20]  n=4030 G=33 G_eff=7.1  spans 0
                  MARKOUT +5min   -0.01c  [-0.13, +0.12]  n=4030 G=33 G_eff=7.1  spans 0
                  per-fill (WRONG here, shown to expose the gap) [-0.46, +1.61]c   ratio 1.6x wider
  B_shield           28251    8555   2848  10.1%      +5.89c     25.9%
                  GAME-CLUSTERED [-4.83, +16.61]c   G=33  G_eff=9.6
                  MARKOUT +2min   +0.07c  [-0.17, +0.30]  n=2848 G=33 G_eff=9.6  spans 0
                  MARKOUT +5min   +0.14c  [-0.12, +0.41]  n=2848 G=33 G_eff=9.6  spans 0
                  per-fill (WRONG here, shown to expose the gap) [+4.75, +7.03]c   ratio 9.4x wider
  C_shield_skew      28251    8555   2854  10.1%      +5.90c     26.0%
                  GAME-CLUSTERED [-4.80, +16.60]c   G=33  G_eff=9.6
                  MARKOUT +2min   +0.07c  [-0.17, +0.30]  n=2854 G=33 G_eff=9.6  spans 0
                  MARKOUT +5min   +0.15c  [-0.12, +0.42]  n=2854 G=33 G_eff=9.6  spans 0
                  per-fill (WRONG here, shown to expose the gap) [+4.77, +7.04]c   ratio 9.4x wider

=== THE WITHDRAWN FILLS, measured directly ===
  kept by the shield         n= 2848  +5.89c  GAME-CLUSTERED [-4.83, +16.61]  G=33 G_eff=9.6
  WITHDRAWN by the shield    n= 1182  -12.23c  GAME-CLUSTERED [-30.70, +6.24]  G=17 G_eff=3.3
  If the withdrawn set is POSITIVE, the model is selecting against us:
  it is pulling the quotes that make money and keeping the ones that lose.

=== COULD THIS HAVE COME OUT THE OTHER WAY? ===
  B posts a strict SUBSET of A's sides (8,555 of 36,806 withdrawn).
  A subset mean can exceed or fall below the full mean -- nothing in the
  construction fixes the sign. B > A was reachable and did not happen.
  The shield demonstrably ACTED: adverse-by-markout moved, and it
  withdrew 8,555 sides rather than 0 or all.

=== B - A : what the model adds as a SHIELD ===
  naive touch maker +0.58c   model-shielded +5.89c   difference +5.31c

=== GUARDS (a degenerate design reports a number and means nothing) ===
  SPANS ZERO: A_naive is +0.58c [-1.10, +2.25] on 33 markets. This arm is NOT a measured negative -- it is not measured.
  SPANS ZERO: B_shield is +5.89c [-4.83, +16.61] on 33 markets. This arm is NOT a measured negative -- it is not measured.
  SPANS ZERO: C_shield_skew is +5.90c [-4.80, +16.60] on 33 markets. This arm is NOT a measured negative -- it is not measured.

=== WHAT THIS STILL CANNOT SAY ===
  Our own quote is absent from the book it is measured against, so the
  flow that filled us is flow that existed WITHOUT us. That biases
  toward optimism and no tape can remove it. This is a screen for
  whether the shield has any effect at all, not a P&L forecast.
